{"HostConfigHash":"a60a3b3","CardHash":"8c4f1a9","Error":null}