{"HostConfigHash":"e67bfb1","CardHash":"0f63ba0","Error":null}