{"HostConfigHash":"0429fa9","CardHash":"8c4f1a9","Error":null}