{"HostConfigHash":"0429fa9","CardHash":"0f63ba0","Error":null}