{"HostConfigHash":"356db29","CardHash":"0f63ba0","Error":null}