{"HostConfigHash":"a1b8651","CardHash":"fa28ce2","Error":null}