{"HostConfigHash":"a1b8651","CardHash":"a942a42","Error":null}