{"HostConfigHash":"a1b8651","CardHash":"8ee1ce1","Error":null}