{"HostConfigHash":"a1b8651","CardHash":"3bfa570","Error":null}