{"HostConfigHash":"a1b8651","CardHash":"869d87c","Error":null}