{"HostConfigHash":"a1b8651","CardHash":"c99c396","Error":null}