{"HostConfigHash":"a1b8651","CardHash":"0af416a","Error":null}