{"HostConfigHash":"a1b8651","CardHash":"c5fe14d","Error":null}