{"HostConfigHash":"a1b8651","CardHash":"1f01367","Error":null}