{"HostConfigHash":"a1b8651","CardHash":"e73a037","Error":null}