{"HostConfigHash":"a1b8651","CardHash":"faaccb2","Error":null}