{"HostConfigHash":"a1b8651","CardHash":"39ac86c","Error":null}