{"HostConfigHash":"a1b8651","CardHash":"6ee6558","Error":null}