{"HostConfigHash":"a1b8651","CardHash":"08cf331","Error":null}