{"HostConfigHash":"a1b8651","CardHash":"eb95594","Error":null}