{"HostConfigHash":"a1b8651","CardHash":"76939e7","Error":null}