{"HostConfigHash":"a1b8651","CardHash":"14b30e6","Error":null}