{"HostConfigHash":"a1b8651","CardHash":"e79f792","Error":null}