{"HostConfigHash":"a1b8651","CardHash":"7e0c97e","Error":null}