{"HostConfigHash":"a1b8651","CardHash":"620e3f5","Error":null}