{"HostConfigHash":"a1b8651","CardHash":"ad6bd2b","Error":null}