{"HostConfigHash":"a1b8651","CardHash":"e5ccaaf","Error":null}