{"HostConfigHash":"a1b8651","CardHash":"61705ea","Error":null}