{"HostConfigHash":"a1b8651","CardHash":"a1b7203","Error":null}