{"HostConfigHash":"a1b8651","CardHash":"cb2187d","Error":null}