{"HostConfigHash":"a1b8651","CardHash":"41213b4","Error":null}