{"HostConfigHash":"a1b8651","CardHash":"1d7785f","Error":null}