{"HostConfigHash":"a1b8651","CardHash":"e89123e","Error":null}