{"HostConfigHash":"a1b8651","CardHash":"c7fb908","Error":null}