{"HostConfigHash":"a1b8651","CardHash":"1076b7f","Error":null}