{"HostConfigHash":"a1b8651","CardHash":"ce465f9","Error":null}