{"HostConfigHash":"a1b8651","CardHash":"804de83","Error":null}