{"HostConfigHash":"a1b8651","CardHash":"727ee34","Error":null}