{"HostConfigHash":"a1b8651","CardHash":"1d1e87d","Error":null}