{"HostConfigHash":"a1b8651","CardHash":"9b23448","Error":null}