{"HostConfigHash":"a1b8651","CardHash":"e9432b0","Error":null}