{"HostConfigHash":"a1b8651","CardHash":"d990175","Error":null}