{"HostConfigHash":"a1b8651","CardHash":"d7c5869","Error":null}