{"HostConfigHash":"a1b8651","CardHash":"0dca9ae","Error":null}