{"HostConfigHash":"a1b8651","CardHash":"6ac5b76","Error":null}