{"HostConfigHash":"a1b8651","CardHash":"05307db","Error":null}