{"HostConfigHash":"a1b8651","CardHash":"f3acc2e","Error":null}