{"HostConfigHash":"8451742","CardHash":"0f63ba0","Error":null}