{"actions":[],"body":[{"paragraphs":[{"inlines":[{"size":"Large","text":"Highlights:","type":"TextRun"}]},{"inlines":[{"text":"Here is some text! ","type":"TextRun"},{"highlight":true,"text":"Part of it is highlighted!","type":"TextRun"},{"text":" ","type":"TextRun"},{"highlight":true,"isSubtle":true,"text":"Subtle highlight!","type":"TextRun"},{"text":" ","type":"TextRun"},{"color":"Good","highlight":true,"text":"Good highlight!","type":"TextRun"}]},{"inlines":[]},{"inlines":[{"size":"Large","text":"Highlights on links: ","type":"TextRun"}]},{"inlines":[{"text":"Here's a link: [Adaptive Cards](http://adaptivecards.io). ","type":"TextRun"},{"text":"Here's one that's highlighted: ","type":"TextRun"},{"highlight":true,"text":"[Adaptive Cards](http://adaptivecards.io)","type":"TextRun"},{"text":". Here's an inline action: ","type":"TextRun"},{"selectAction":{"type":"Action.Submit"},"text":"Submit","type":"TextRun"},{"text":"! Here's one that's highlighted: ","type":"TextRun"},{"highlight":true,"selectAction":{"type":"Action.Submit"},"text":"Submit!","type":"TextRun"}]},{"inlines":[]},{"inlines":[{"size":"Large","text":"Highlights on lists:","type":"TextRun"}]},{"inlines":[{"text":"- Bullet \r- List \r","type":"TextRun"},{"text":"1. Numbered\r2. List\r","type":"TextRun"},{"highlight":true,"text":"- Highlight \r- Bullet \r- List \r","type":"TextRun"},{"highlight":true,"text":"1. Highlight\r2. Numbered\r3. List\r","type":"TextRun"}]}],"type":"RichTextBlock","wrap":true},{"items":[{"paragraphs":[{"inlines":[{"highlight":true,"text":"Highlights in an emphasis container! ","type":"TextRun"},{"highlight":true,"isSubtle":true,"text":"Subtle highlights in an emphasis container!","type":"TextRun"}]}],"type":"RichTextBlock","wrap":true}],"style":"Emphasis","type":"Container"}],"type":"AdaptiveCard","version":"1.2"}