{"HostConfigHash":"d27c6d5","CardHash":"8c4f1a9","Error":null}